# System Health Assessment Report
## Generated: 2026-03-12T02:52:00+05:30

## Environment Status
- Node.js Version: v22.20.0 ✅ (≥18 required)
- NPM Version: 11.7.0 ✅
- Next.js Version: 16.1.6 ✅
- React Version: 19.2.3 ✅

## Dependency Analysis
- Total Dependencies: 17
- Security Vulnerabilities: 0 ✅
- Extraneous Dependencies: 4 (@emnapi/core, @emnapi/runtime, @emnapi/wasi-threads, @tybys/wasm-util)
- Firebase SDK: 12.10.0 ✅ (Latest)

## Server Status
- Development Server: ✅ Running on http://localhost:3000
- Startup Time: 640ms ✅ (Excellent)
- Turbopack: ✅ Enabled
- Hot Reload: ✅ Active

## Code Structure Analysis
- Framework: Next.js 16 with App Router ✅
- TypeScript: ✅ Configured
- Styling: Tailwind CSS v4 ✅
- State Management: React useState (no Redux/Vuex detected) ⚠️
- Authentication: Firebase Auth configured ✅
- Database: Firebase Firestore configured ✅

## Firebase Configuration
- Project ID: datamarket-b406e ✅
- Messaging Sender ID: 924015124855 ✅
- Web App ID: 1:924015124855:web:b99abc346b78669a00c172 ✅

## Issues Identified
1. Missing environment variables (.env files ignored by gitignore)
2. No centralized state management (Redux/Vuex)
3. Missing authentication flow implementation
4. No database schema or migrations
5. Missing test suite
6. No Docker configuration
7. Missing API endpoints for backend functionality
8. No rate limiting implementation
9. Missing error handling and toast notifications
10. No CI/CD pipeline

## Performance Metrics
- Bundle Size: Not analyzed yet
- Lazy Loading: Not implemented
- Code Splitting: Default Next.js splitting only
- Image Optimization: Not configured

## Security Assessment
- Firebase API keys exposed in client code ⚠️
- No CSRF protection detected
- No input validation framework
- No rate limiting
- No security headers configured

## Recommendations
1. Move sensitive config to environment variables
2. Implement proper authentication flow
3. Add database schema and migrations
4. Set up testing framework
5. Configure Docker for development
6. Implement error handling
7. Add state management solution
8. Configure security headers
9. Set up monitoring and logging
10. Implement CI/CD pipeline
