# Marketplace SPA Audit Report
## Generated: 2026-03-12T02:52:00+05:30

## Application Status
- Framework: Next.js 16.1.6 with App Router ✅
- Build Status: ✅ Successful (Static prerendering)
- Development Server: ✅ Running on localhost:3000
- Hot Reload: ✅ Active

## Code Architecture Analysis
### State Management
- Current: React useState (local component state) ⚠️
- Missing: Global state management (Redux/Vuex/Zustand)
- Impact: No shared state between components
- Recommendation: Implement Zustand for lightweight state management

### Data Storage
- Current: Hardcoded mock data in components ⚠️
- Missing: Database integration
- Missing: API layer for data fetching
- Storage Types: In-memory only (no persistence)
- Recommendation: Implement API routes + PostgreSQL

### Code Splitting & Lazy Loading
- Current: Default Next.js automatic splitting ✅
- Pages: Static prerendered (/, /seller) ✅
- Components: All loaded upfront ⚠️
- Missing: Dynamic imports for heavy components
- Bundle Analysis: Not performed yet

### Component Structure
- Hero.tsx: Landing section (119 lines) ✅
- MarketplaceGrid.tsx: Product grid (144 lines) ✅
- DataCardModal.tsx: Product details (186 lines) ✅
- BountiesTerminal.tsx: Agent activity feed (191 lines) ✅
- Navbar.tsx: Navigation (104 lines) ✅
- Footer.tsx: Footer (2405 lines - unusually large) ⚠️
- FileUpload.tsx: File upload (40 lines) ✅
- ParticleBackground.tsx: Visual effects (56 lines) ✅
- CheckoutTracker.tsx: Payment flow (9656 lines - very large) ⚠️

### Issues Identified
1. Footer component is unusually large (2405 lines)
2. CheckoutTracker component is extremely large (9656 lines)
3. No error boundaries
4. No loading states
5. No toast notifications
6. Hardcoded Firebase config in client code
7. No authentication flow implementation
8. Missing form validation
9. No API routes for backend functionality
10. No database schema

### Performance Metrics
- First Load JS: Not analyzed
- Bundle Size: Not analyzed
- Time to Interactive: Not measured
- Lighthouse Score: Not performed

### Accessibility Audit
- Missing: ARIA labels
- Missing: Keyboard navigation
- Missing: Screen reader support
- Missing: Focus management
- Color Contrast: Not evaluated

### Security Assessment
- Firebase API keys exposed ⚠️
- No CSRF protection
- No input validation
- No rate limiting
- No security headers
- No authentication guards

### Mobile Responsiveness
- Tailwind responsive classes used ✅
- Breakpoints: sm, md, lg implemented ✅
- Missing: Touch gesture support
- Missing: Mobile-specific optimizations

## Recommendations Priority
### High Priority
1. Implement authentication system
2. Add error handling and toast notifications
3. Create API routes and database schema
4. Move sensitive config to environment variables
5. Add form validation

### Medium Priority
1. Implement global state management
2. Add lazy loading for heavy components
3. Optimize large components (Footer, CheckoutTracker)
4. Add loading states and skeletons
5. Implement error boundaries

### Low Priority
1. Accessibility improvements
2. Performance optimizations
3. Mobile enhancements
4. Bundle analysis and optimization

## Next Steps
1. Build secure authentication flow
2. Create database schema and migrations
3. Implement API layer
4. Add comprehensive error handling
5. Set up testing framework
